<?xml version="1.0" encoding="UTF-8"?>
<testsuites name="Mocha Tests" time="3.5340" tests="1" failures="0">
  <testsuite name="Root Suite" timestamp="2020-02-27T14:47:59" tests="0" time="0.0000" failures="0">
  </testsuite>
  <testsuite name="login" timestamp="2020-02-27T14:47:59" tests="1" file="/Users/kuntay.dogan/Documents/Projects/CodeChallenge/login_test.js" time="3.5340" failures="0">
    <testcase name="login: test something" time="3.5340" classname="test something">
    </testcase>
  </testsuite>
</testsuites>